------------------------------------------------------------
(PRISM) PaRametrIc System Model
PRISM v1.1.7
contact: C. Taylor, cet@appliedpython.com
------------------------------------------------------------

Delta V Study
   by: C Taylor
 date: Saturday May 05, 2018


======================================
==========SYSTEM MASS SUMMARY=========
======================================
PRISM System: Mass Fraction Study
                mass =     1000.000 lbm
                type = analysis
INERT
     100.000 lbm Payload Weight
     620.962 lbm Propulsion system
PROPELLANT
     279.038 lbm Propellant
======================================
======================================

======================== Design Variables ========================
        NAME VALUE MINIMUM MAXIMUM DESCRIPTION                    
 deltaVReqmt  3000    2000    4000 Delta V Requirement  (ft/sec)  
         Isp   300     250     350 Engine Specific Impulse  (sec) 
    Wpayload   100      50     150 Payload Mass  (lbm)            
    pcentACS     5       0      10 % ACS Propellant of Total      
        GLOW  1000     500    1500 Gross Liftoff Mass  (lbm)      
==================================================================

========================== Result Variables ==========================
         NAME    VALUE DESCRIPTION                             LIMITS 
  stgPropFrac 0.310042 Stage Propellant Mass Fraction >0.0001, <0.999 
             * ----->  (stgPropFrac varies to make deltaV_FOM = 1 ) 
 massFraction 0.310042 Stage Propellant Mass Fraction             --- 
       deltaV     3000 Delta V Requirement  (ft/sec)              --- 
         Itot  79525.7 Total Impulse  (lbf-sec)                   --- 
      sysMass     1000 Total System Mass  (lbm)                   --- 
   deltaV_FOM        1 deltaV figure of merit                      =1 
  WtPropAxial  265.086 Burned Axial Propellant  (lbm)             --- 
======================================================================




======================================
=======FULL SYSTEM MASS SUMMARY=======
======================================
PRISM System: Mass Fraction Study
                mass =     1000.000 lbm
                type = analysis

-------------------------------------
Constant Mass: Payload Weight
             mass =      100.000 lbm
             type = inert

-------------------------------------
Constant Mass: Propulsion system
             mass =      620.962 lbm
             type = inert

-------------------------------------
Constant Mass: Propellant
             mass =      279.038 lbm
             type = propellant
